arm noevict
arm holdback-50
arm resumable
arm tiered
| arm | n | TTFT p50 s | TTFT p95 s | batch makespan s | batch p50 s | decode redone | evictions | identical |
|---|---|---|---|---|---|---|---|---|
| noevict | 3 | 1.42 (1.333-1.468) | 6.48 (6.417-6.523) | 69.6 (69.4-69.8) | 43.9 (43.8-44) | 0 (0-0) | 0 (0-0) | 192/192 |
| holdback-50 | 3 | 1.06 (1.01-1.096) | 3.77 (3.766-3.788) | 79.1 (79-79.1) | 40 (40-40.1) | -1.14e+04 (-12470--10399) | 0 (0-0) | 154/192, 156/192 |
| resumable | 3 | 0.239 (0.233-0.243) | 0.434 (0.433-0.435) | 73.5 (72.6-73.9) | 50.6 (49.6-52.6) | -4.22e+03 (-5554--3431) | 343 (339-347) | 168/192, 171/192, 172/192 |
| tiered | 3 | 0.241 (0.234-0.249) | 0.438 (0.437-0.439) | 74.4 (73.2-75) | 45 (44.8-45.3) | 24.7 (-160-123) | 405 (373-424) | 191/192, 192/192 |

| arm | job | deadline s | met deadline | p50 done s | last done s | failed |
|---|---|---|---|---|---|---|
| noevict | a | 30 | 100 (100-100)% | 18.5 (18.5-18.6) | 22.3 (22.1-22.5) | 0 |
| noevict | b | 55 | 100 (100-100)% | 43.9 (43.8-44) | 45.5 (45.4-45.7) | 0 |
| noevict | c | 80 | 100 (100-100)% | 66.1 (66-66.3) | 69.6 (69.4-69.8) | 0 |
| holdback-50 | a | 30 | 77.6 (76.5625-78.125)% | 9.53 (9.5-9.6) | 20.7 (20.5-21.1) | None: 43 |
| holdback-50 | b | 55 | 90.1 (89.0625-90.625)% | 40 (39.8-40.1) | 51.1 (51-51.2) | None: 19 |
| holdback-50 | c | 80 | 75 (75-75)% | 69.8 (69.8-69.9) | 77.2 (77.1-77.3) | None: 48 |
| resumable | a | 30 | 80.7 (79.6875-81.25)% | 26.6 (26.5-26.6) | 29.1 (28.9-29.2) | None: 37 |
| resumable | b | 55 | 85.4 (82.8125-87.5)% | 46.5 (45.5-47.3) | 54.1 (53-54.6) | None: 28 |
| resumable | c | 80 | 100 (100-100)% | 66.3 (65.4-67.1) | 73.5 (72.6-73.9) | 0 |
| tiered | a | 30 | 99.5 (98.4375-100)% | 22.3 (21.1-23) | 28 (25.3-29.4) | None: 1 |
| tiered | b | 55 | 100 (100-100)% | 45 (44.8-45.3) | 51.8 (50.7-53.9) | 0 |
| tiered | c | 80 | 100 (100-100)% | 68.9 (68.6-69.1) | 74.4 (73.2-75) | 0 |
